[evoting.ust.edu.ng/index.html]
[backblue.gif]
[fade.gif]
[index.html]
[evoting.ust.edu.ng/img/fav.png]
[evoting.ust.edu.ng/css/bootstrap.min.css]
[evoting.ust.edu.ng/css/font-awesome.min.css]
[evoting.ust.edu.ng/css/jquery.fancybox.css]
[evoting.ust.edu.ng/css/carousel-3d.default.css]
[evoting.ust.edu.ng/css/style.css]
[evoting.ust.edu.ng/css/responsive.css]
[evoting.ust.edu.ng/css/modernizr-2.8.3.min.js]
[evoting.ust.edu.ng/img/logo.png]
[evoting.ust.edu.ng/view_cat.html]
[evoting.ust.edu.ng/my_votes.html]
[evoting.ust.edu.ng/setup.html]
[evoting.ust.edu.ng/includes/ajaxactionef4d.html]
[evoting.ust.edu.ng/js/jquery.resize.ex.js]
[evoting.ust.edu.ng/js/switcher.js]
[evoting.ust.edu.ng/js/custom.js]
[evoting.ust.edu.ng/index.html]
[evoting.ust.edu.ng/fonts/glyphicons-halflings-regulard41dd41d.eot]
[evoting.ust.edu.ng/css/bootstrap.min.css]
[evoting.ust.edu.ng/css/font-awesome.min.css]
[evoting.ust.edu.ng/css/jquery.fancybox.css]
[evoting.ust.edu.ng/css/carousel-3d.default.css]
[evoting.ust.edu.ng/css/style.css]
[evoting.ust.edu.ng/css/responsive.css]
[evoting.ust.edu.ng/css/switcher/style1.css]
[evoting.ust.edu.ng/view_cat.html]
[evoting.ust.edu.ng/my_votes.html]
[evoting.ust.edu.ng/includes/ajaxaction359c.html]
[evoting.ust.edu.ng/setup.html]
[evoting.ust.edu.ng/includes/ajaxactionef4d.html]
[evoting.ust.edu.ng/report.html]
[evoting.ust.edu.ng/js/app.js]
[evoting.ust.edu.ng/includes/ajaxactionfc48.php]
[evoting.ust.edu.ng/voting.html]
[evoting.ust.edu.ng/fonts/fontawesome-webfont3e6e3e6e.eot]
[evoting.ust.edu.ng/fonts/fontawesome-webfontd41dd41d.eot]
[evoting.ust.edu.ng/img/fancybox_sprite.png]
[evoting.ust.edu.ng/css/animate.css]
[evoting.ust.edu.ng/css/switcher/switcher.css]
[evoting.ust.edu.ng/css/switcher/style1.css]
[evoting.ust.edu.ng/css/datetimepicker.css]
[evoting.ust.edu.ng/includes/ajaxactionc74f.html]
[evoting.ust.edu.ng/includes/ajaxactionf0d1.html]
[evoting.ust.edu.ng/report.html]
[evoting.ust.edu.ng/includes/ajaxaction359c.html]
[evoting.ust.edu.ng/js/bootstrap.min.js]
[evoting.ust.edu.ng/js/waitforimages.js]
[evoting.ust.edu.ng/js/jquery.carousel-3d.min.js]
[evoting.ust.edu.ng/js/jquery.fancybox.pack.js]
[evoting.ust.edu.ng/js/helpers/jquery.fancybox-media.js]
[evoting.ust.edu.ng/js/wow.min.js]
[evoting.ust.edu.ng/js/moments.js]
[evoting.ust.edu.ng/includes/jQryfile.js]
[evoting.ust.edu.ng/voting.html]
[evoting.ust.edu.ng/includes/ajaxactionfc48.php]
[evoting.ust.edu.ng/fonts/glyphicons-halflings-regular.eot]
[evoting.ust.edu.ng/fonts/glyphicons-halflings-regular.woff]
[evoting.ust.edu.ng/fonts/glyphicons-halflings-regular.ttf]
[evoting.ust.edu.ng/css/animate.css]
[evoting.ust.edu.ng/css/lightslider.css]
[evoting.ust.edu.ng/img/slide.jpg]
[evoting.ust.edu.ng/demosthenes.info/assets/images/polina.html]
[evoting.ust.edu.ng/index-2.html]
[evoting.ust.edu.ng/includes/ajaxactionf0d1.html]
[evoting.ust.edu.ng/includes/sqlview.php]
[evoting.ust.edu.ng/manifesto.html]
[evoting.ust.edu.ng/js/jquery.min.js]
[evoting.ust.edu.ng/js/lightslider.js]
[evoting.ust.edu.ng/includes/ajaxaction6baf.php]
[ecampus.ust.edu.ng/applpics/users/isaac.asu1.jpg]
[ecampus.ust.edu.ng/applpics/users/queen.jaja.jpg]
[ecampus.ust.edu.ng/applpics/users/israel.denson.jpg]
[ecampus.ust.edu.ng/applpics/users/ile.samuel.jpg]
[ecampus.ust.edu.ng/applpics/users/ozienyowi.kinikanwo.jpg]
[ecampus.ust.edu.ng/applpics/users/azuonwu.bestman.jpg]
[ecampus.ust.edu.ng/applpics/users/david.jack1.jpg]
[ecampus.ust.edu.ng/applpics/users/ibiba.green.jpg]
[ecampus.ust.edu.ng/applpics/users/treasure.elenwo.jpg]
[ecampus.ust.edu.ng/applpics/users/stella.izidor.jpg]
[ecampus.ust.edu.ng/applpics/users/daboikiabo.sagbe.jpg]
[ecampus.ust.edu.ng/applpics/users/godwin.wuche.jpg]
[ecampus.ust.edu.ng/applpics/users/vincent.uebari.jpg]
[ecampus.ust.edu.ng/applpics/users/kalada.pepple.jpg]
[ecampus.ust.edu.ng/applpics/users/johnson.onuoma.jpg]
[ecampus.ust.edu.ng/applpics/users/sunny.johnson.jpg]
[ecampus.ust.edu.ng/applpics/users/peculiar.akaninwor.jpg]
[ecampus.ust.edu.ng/applpics/users/emeayak.moses.jpg]
[ecampus.ust.edu.ng/applpics/users/edafe.okugbeni.jpg]
[ecampus.ust.edu.ng/applpics/users/gladstone.amah.jpg]
[ecampus.ust.edu.ng/applpics/users/joseph.okidim.jpg]
[ecampus.ust.edu.ng/applpics/users/sokaribo.sokaribo.jpg]
[ecampus.ust.edu.ng/applpics/users/blessed.ime.jpg]
[ecampus.ust.edu.ng/applpics/users/kelvin.owhonda1.jpg]
[ecampus.ust.edu.ng/applpics/users/zorbari.barineka.jpg]
[ecampus.ust.edu.ng/applpics/users/ifeanyi.ewuziem.jpg]
[ecampus.ust.edu.ng/applpics/users/barrie.johnson.jpg]
[ecampus.ust.edu.ng/applpics/users/olawale.adeshina.jpg]
[ecampus.ust.edu.ng/applpics/users/kelechi.ihedi.jpg]
[ecampus.ust.edu.ng/applpics/users/kenechukwu.dibua.jpg]
[ecampus.ust.edu.ng/applpics/users/grace.appolos.jpg]
[ecampus.ust.edu.ng/applpics/users/okechukwu.opara.jpg]
[ecampus.ust.edu.ng/applpics/users/isaiah.njoku.jpg]
[ecampus.ust.edu.ng/applpics/users/chiamaka.okam.jpg]
[evoting.ust.edu.ng/includes/ajaxaction6baf.php]
[evoting.ust.edu.ng/includes/ajaxactionb5e3.php]
